// Jest Snapshot v1, https://goo.gl/fbAQLP

exports[`<App /> match to snapshot 1`] = `ShallowWrapper {}`;
