// Jest Snapshot v1, https://goo.gl/fbAQLP

exports[`<App /> match to snapshot 1`] = `
<div
  className="App"
>
  <button
    className="ant-btn ant-btn-primary"
    onClick={[Function]}
    type="button"
  >
    <span>
      Button
    </span>
  </button>
</div>
`;
