// Jest Snapshot v1, https://goo.gl/fbAQLP

exports[`<LowerNavbar /> match to snapshot 1`] = `ShallowWrapper {}`;
